// Jest Snapshot v1, https://goo.gl/fbAQLP

exports[`should render PostsIndex page 1`] = `
<h1>
  Posts Index
</h1>
`;
