// Jest Snapshot v1, https://goo.gl/fbAQLP

exports[`should render PostsIndex page 1`] = `
<div>
  <h1>
    Blog Post 1
  </h1>
  <span>
    <i>
      Dave
    </i>
    -
    <i>
      January 10th 1970
    </i>
  </span>
  <p>
    This is the third blog article
  </p>
</div>
`;
